
> frontend@0.0.0 build
> ng build

cmd : - Generating browser application bundles (phase: setup)...
En línea: 1 Carácter: 70
+ ... _Deck_Builder\frontend"; cmd /c npm run build > build_output.txt 2>&1
+                              ~~~~~~~~~~~~~~~~~~~~~~~~~~~~~~~~~~~~~~~~~~~~
    + CategoryInfo          : NotSpecified: (- Generating br...hase: setup)... 
   :String) [], RemoteException
    + FullyQualifiedErrorId : NativeCommandError
 
Ô£ö Browser application bundle generation complete.
Ô£ö Browser application bundle generation complete.

./src/app/features/cards/cards.component.ts - Error: Module build failed (from 
./node_modules/@angular-devkit/build-angular/src/tools/babel/webpack-loader.js)
:
SyntaxError: C:\Users\ruben\Documents\OPTCG_Deck_Builder\frontend\src\app\featu
res\cards\cards.component.ts: Unexpected token (642:7)

  640 | void {
  641 |     const: ctrl = this.filters.get(control),
> 642 |     if(, ctrl) { }, return: ,
      |        ^
  643 |     const: arr = Array.isArray(ctrl.value) ? [...ctrl.value] : [],
  644 |     const: idx = arr.indexOf(value),
  645 |     if(idx) { }

Error: src/app/features/cards/cards.component.html:37:75 - error TS2339: 
Property 'toggleArrayValue' does not exist on type 'CardsComponent'.

37             <button type="button" *ngFor="let t of typesOptions" 
(click)="toggleArrayValue('types', t)" 
[class.bg-cyan-400]="isSelected('types', t)" class="rounded-full border 
border-white/10 px-2 py-1 text-xs text-slate-200">{{ t }}</button>
                                                                             
~~~~~~~~~~~~~~~~

  src/app/features/cards/cards.component.ts:12:16
    12   templateUrl: './cards.component.html',
                      ~~~~~~~~~~~~~~~~~~~~~~~~
    Error occurs in the template of component CardsComponent.


Error: src/app/features/cards/cards.component.html:37:126 - error TS2339: 
Property 'isSelected' does not exist on type 'CardsComponent'.

37             <button type="button" *ngFor="let t of typesOptions" 
(click)="toggleArrayValue('types', t)" 
[class.bg-cyan-400]="isSelected('types', t)" class="rounded-full border 
border-white/10 px-2 py-1 text-xs text-slate-200">{{ t }}</button>
                                                                               
                                                 ~~~~~~~~~~

  src/app/features/cards/cards.component.ts:12:16
    12   templateUrl: './cards.component.html',
                      ~~~~~~~~~~~~~~~~~~~~~~~~
    Error occurs in the template of component CardsComponent.


Error: src/app/features/cards/cards.component.html:44:76 - error TS2339: 
Property 'toggleArrayValue' does not exist on type 'CardsComponent'.

44             <button type="button" *ngFor="let r of rarityOptions" 
(click)="toggleArrayValue('rarities', r)" 
[class.bg-cyan-400]="isSelected('rarities', r)" class="rounded-full border 
border-white/10 px-2 py-1 text-xs text-slate-200">{{ r }}</button>
                                                                              
~~~~~~~~~~~~~~~~

  src/app/features/cards/cards.component.ts:12:16
    12   templateUrl: './cards.component.html',
                      ~~~~~~~~~~~~~~~~~~~~~~~~
    Error occurs in the template of component CardsComponent.


Error: src/app/features/cards/cards.component.html:44:130 - error TS2339: 
Property 'isSelected' does not exist on type 'CardsComponent'.

44             <button type="button" *ngFor="let r of rarityOptions" 
(click)="toggleArrayValue('rarities', r)" 
[class.bg-cyan-400]="isSelected('rarities', r)" class="rounded-full border 
border-white/10 px-2 py-1 text-xs text-slate-200">{{ r }}</button>
                                                                               
                                                     ~~~~~~~~~~

  src/app/features/cards/cards.component.ts:12:16
    12   templateUrl: './cards.component.html',
                      ~~~~~~~~~~~~~~~~~~~~~~~~
    Error occurs in the template of component CardsComponent.


Error: src/app/features/cards/cards.component.html:51:79 - error TS2339: 
Property 'toggleArrayValue' does not exist on type 'CardsComponent'.

51             <button type="button" *ngFor="let a of attributeOptions" 
(click)="toggleArrayValue('attributes', a)" 
[class.bg-cyan-400]="isSelected('attributes', a)" class="rounded-full border 
border-white/10 px-2 py-1 text-xs text-slate-200">{{ a }}</button>
                                                                               
  ~~~~~~~~~~~~~~~~

  src/app/features/cards/cards.component.ts:12:16
    12   templateUrl: './cards.component.html',
                      ~~~~~~~~~~~~~~~~~~~~~~~~
    Error occurs in the template of component CardsComponent.


Error: src/app/features/cards/cards.component.html:51:135 - error TS2339: 
Property 'isSelected' does not exist on type 'CardsComponent'.

51             <button type="button" *ngFor="let a of attributeOptions" 
(click)="toggleArrayValue('attributes', a)" 
[class.bg-cyan-400]="isSelected('attributes', a)" class="rounded-full border 
border-white/10 px-2 py-1 text-xs text-slate-200">{{ a }}</button>
                                                                               
                                                          ~~~~~~~~~~

  src/app/features/cards/cards.component.ts:12:16
    12   templateUrl: './cards.component.html',
                      ~~~~~~~~~~~~~~~~~~~~~~~~
    Error occurs in the template of component CardsComponent.


Error: src/app/features/cards/cards.component.html:58:75 - error TS2339: 
Property 'toggleArrayValue' does not exist on type 'CardsComponent'.

58             <button type="button" *ngFor="let k of keywordsList" 
(click)="toggleArrayValue('keywords', k)" 
[class.bg-cyan-400]="isSelected('keywords', k)" class="rounded-full border 
border-white/10 px-2 py-1 text-xs text-slate-200">{{ k }}</button>
                                                                             
~~~~~~~~~~~~~~~~

  src/app/features/cards/cards.component.ts:12:16
    12   templateUrl: './cards.component.html',
                      ~~~~~~~~~~~~~~~~~~~~~~~~
    Error occurs in the template of component CardsComponent.


Error: src/app/features/cards/cards.component.html:58:129 - error TS2339: 
Property 'isSelected' does not exist on type 'CardsComponent'.

58             <button type="button" *ngFor="let k of keywordsList" 
(click)="toggleArrayValue('keywords', k)" 
[class.bg-cyan-400]="isSelected('keywords', k)" class="rounded-full border 
border-white/10 px-2 py-1 text-xs text-slate-200">{{ k }}</button>
                                                                               
                                                    ~~~~~~~~~~

  src/app/features/cards/cards.component.ts:12:16
    12   templateUrl: './cards.component.html',
                      ~~~~~~~~~~~~~~~~~~~~~~~~
    Error occurs in the template of component CardsComponent.


Error: src/app/features/cards/cards.component.html:65:76 - error TS2339: 
Property 'toggleArrayValue' does not exist on type 'CardsComponent'.

65             <button type="button" *ngFor="let c of [0,1,2,3,4,5]" 
(click)="toggleArrayValue('counterAmounts', c)" 
[class.bg-cyan-400]="isSelected('counterAmounts', c)" class="rounded-full 
border border-white/10 px-2 py-1 text-xs text-slate-200">{{ c }}</button>
                                                                              
~~~~~~~~~~~~~~~~

  src/app/features/cards/cards.component.ts:12:16
    12   templateUrl: './cards.component.html',
                      ~~~~~~~~~~~~~~~~~~~~~~~~
    Error occurs in the template of component CardsComponent.


Error: src/app/features/cards/cards.component.html:65:136 - error TS2339: 
Property 'isSelected' does not exist on type 'CardsComponent'.

65             <button type="button" *ngFor="let c of [0,1,2,3,4,5]" 
(click)="toggleArrayValue('counterAmounts', c)" 
[class.bg-cyan-400]="isSelected('counterAmounts', c)" class="rounded-full 
border border-white/10 px-2 py-1 text-xs text-slate-200">{{ c }}</button>
                                                                               
                                                           ~~~~~~~~~~

  src/app/features/cards/cards.component.ts:12:16
    12   templateUrl: './cards.component.html',
                      ~~~~~~~~~~~~~~~~~~~~~~~~
    Error occurs in the template of component CardsComponent.


Error: src/app/features/cards/cards.component.html:72:78 - error TS2339: 
Property 'toggleArrayValue' does not exist on type 'CardsComponent'.

72             <button type="button" *ngFor="let col of colorsOptions" 
(click)="toggleArrayValue('colors', col)" 
[class.bg-cyan-400]="isSelected('colors', col)" class="rounded-full border 
border-white/10 px-2 py-1 text-xs text-slate-200">{{ col }}</button>
                                                                               
 ~~~~~~~~~~~~~~~~

  src/app/features/cards/cards.component.ts:12:16
    12   templateUrl: './cards.component.html',
                      ~~~~~~~~~~~~~~~~~~~~~~~~
    Error occurs in the template of component CardsComponent.


Error: src/app/features/cards/cards.component.html:72:132 - error TS2339: 
Property 'isSelected' does not exist on type 'CardsComponent'.

72             <button type="button" *ngFor="let col of colorsOptions" 
(click)="toggleArrayValue('colors', col)" 
[class.bg-cyan-400]="isSelected('colors', col)" class="rounded-full border 
border-white/10 px-2 py-1 text-xs text-slate-200">{{ col }}</button>
                                                                               
                                                       ~~~~~~~~~~

  src/app/features/cards/cards.component.ts:12:16
    12   templateUrl: './cards.component.html',
                      ~~~~~~~~~~~~~~~~~~~~~~~~
    Error occurs in the template of component CardsComponent.


Error: src/app/features/cards/cards.component.html:84:75 - error TS2339: 
Property 'toggleArrayValue' does not exist on type 'CardsComponent'.

84             <button type="button" *ngFor="let cost of costsList" 
(click)="toggleArrayValue('costs', cost)" 
[class.bg-cyan-400]="isSelected('costs', cost)" class="rounded-full border 
border-white/10 px-2 py-1 text-xs text-slate-200">{{ cost }}</button>
                                                                             
~~~~~~~~~~~~~~~~

  src/app/features/cards/cards.component.ts:12:16
    12   templateUrl: './cards.component.html',
                      ~~~~~~~~~~~~~~~~~~~~~~~~
    Error occurs in the template of component CardsComponent.


Error: src/app/features/cards/cards.component.html:84:129 - error TS2339: 
Property 'isSelected' does not exist on type 'CardsComponent'.

84             <button type="button" *ngFor="let cost of costsList" 
(click)="toggleArrayValue('costs', cost)" 
[class.bg-cyan-400]="isSelected('costs', cost)" class="rounded-full border 
border-white/10 px-2 py-1 text-xs text-slate-200">{{ cost }}</button>
                                                                               
                                                    ~~~~~~~~~~

  src/app/features/cards/cards.component.ts:12:16
    12   templateUrl: './cards.component.html',
                      ~~~~~~~~~~~~~~~~~~~~~~~~
    Error occurs in the template of component CardsComponent.


Error: src/app/features/cards/cards.component.html:99:42 - error TS2339: 
Property 'clearFilters' does not exist on type 'CardsComponent'.

99           <button type="button" (click)="clearFilters()" class="rounded-xl 
border border-white/20 px-3 py-2 text-sm text-slate-200 
hover:bg-white/10">Limpiar</button>
                                            ~~~~~~~~~~~~

  src/app/features/cards/cards.component.ts:12:16
    12   templateUrl: './cards.component.html',
                      ~~~~~~~~~~~~~~~~~~~~~~~~
    Error occurs in the template of component CardsComponent.


Error: src/app/features/cards/cards.component.html:124:40 - error TS2339: 
Property 'openDetail' does not exist on type 'CardsComponent'.

124         <button type="button" (click)="openDetail(card)" 
class="inline-flex rounded-xl border border-white/20 px-3 py-2 text-xs 
font-medium text-slate-200 hover:bg-white/10">Ver detalle</button>
                                           ~~~~~~~~~~

  src/app/features/cards/cards.component.ts:12:16
    12   templateUrl: './cards.component.html',
                      ~~~~~~~~~~~~~~~~~~~~~~~~
    Error occurs in the template of component CardsComponent.


Error: src/app/features/cards/cards.component.html:130:36 - error TS2339: 
Property 'goToPage' does not exist on type 'CardsComponent'.

130     <button type="button" (click)="goToPage(1)" [disabled]="currentPage 
=== 1" class="rounded-xl border border-white/20 px-3 py-2 text-sm 
text-slate-200 disabled:cursor-not-allowed disabled:opacity-40 
hover:bg-white/10">Primera</button>
                                       ~~~~~~~~

  src/app/features/cards/cards.component.ts:12:16
    12   templateUrl: './cards.component.html',
                      ~~~~~~~~~~~~~~~~~~~~~~~~
    Error occurs in the template of component CardsComponent.


Error: src/app/features/cards/cards.component.html:131:36 - error TS2339: 
Property 'prevPage' does not exist on type 'CardsComponent'.

131     <button type="button" (click)="prevPage()" [disabled]="currentPage === 
1" class="rounded-xl border border-white/20 px-3 py-2 text-sm text-slate-200 
disabled:cursor-not-allowed disabled:opacity-40 
hover:bg-white/10">Anterior</button>
                                       ~~~~~~~~

  src/app/features/cards/cards.component.ts:12:16
    12   templateUrl: './cards.component.html',
                      ~~~~~~~~~~~~~~~~~~~~~~~~
    Error occurs in the template of component CardsComponent.


Error: src/app/features/cards/cards.component.html:136:16 - error TS2339: 
Property 'goToPage' does not exist on type 'CardsComponent'.

136       (click)="goToPage(page)"
                   ~~~~~~~~

  src/app/features/cards/cards.component.ts:12:16
    12   templateUrl: './cards.component.html',
                      ~~~~~~~~~~~~~~~~~~~~~~~~
    Error occurs in the template of component CardsComponent.


Error: src/app/features/cards/cards.component.html:145:36 - error TS2339: 
Property 'nextPage' does not exist on type 'CardsComponent'.

145     <button type="button" (click)="nextPage()" [disabled]="currentPage === 
totalPages" class="rounded-xl border border-white/20 px-3 py-2 text-sm 
text-slate-200 disabled:cursor-not-allowed disabled:opacity-40 
hover:bg-white/10">Siguiente</button>
                                       ~~~~~~~~

  src/app/features/cards/cards.component.ts:12:16
    12   templateUrl: './cards.component.html',
                      ~~~~~~~~~~~~~~~~~~~~~~~~
    Error occurs in the template of component CardsComponent.


Error: src/app/features/cards/cards.component.html:146:36 - error TS2339: 
Property 'goToPage' does not exist on type 'CardsComponent'.

146     <button type="button" (click)="goToPage(totalPages)" 
[disabled]="currentPage === totalPages" class="rounded-xl border 
border-white/20 px-3 py-2 text-sm text-slate-200 disabled:cursor-not-allowed 
disabled:opacity-40 hover:bg-white/10">├Ültima</button>
                                       ~~~~~~~~

  src/app/features/cards/cards.component.ts:12:16
    12   templateUrl: './cards.component.html',
                      ~~~~~~~~~~~~~~~~~~~~~~~~
    Error occurs in the template of component CardsComponent.


Error: src/app/features/cards/cards.component.html:153:116 - error TS2339: 
Property 'closeDetail' does not exist on type 'CardsComponent'.

153   <div *ngIf="detailOpen" class="fixed inset-0 z-50 flex items-center 
justify-center bg-slate-950/80 p-4" (click)="closeDetail()">
                                                                               
                                        ~~~~~~~~~~~

  src/app/features/cards/cards.component.ts:12:16
    12   templateUrl: './cards.component.html',
                      ~~~~~~~~~~~~~~~~~~~~~~~~
    Error occurs in the template of component CardsComponent.


Error: src/app/features/cards/cards.component.html:161:68 - error TS2339: 
Property 'activeDetailSlide' does not exist on type 'CardsComponent'.

161           <h2 class="truncate text-xl font-semibold text-white">{{ 
activeDetailSlide?.name || detailCard?.name || 'Carta' }}</h2>
                                                                       
~~~~~~~~~~~~~~~~~

  src/app/features/cards/cards.component.ts:12:16
    12   templateUrl: './cards.component.html',
                      ~~~~~~~~~~~~~~~~~~~~~~~~
    Error occurs in the template of component CardsComponent.


Error: src/app/features/cards/cards.component.html:163:40 - error TS2339: 
Property 'closeDetail' does not exist on type 'CardsComponent'.

163         <button type="button" (click)="closeDetail()" class="flex-shrink-0 
rounded-xl border border-white/20 px-3 py-2 text-sm text-slate-200 
hover:bg-white/10">Cerrar</button>
                                           ~~~~~~~~~~~

  src/app/features/cards/cards.component.ts:12:16
    12   templateUrl: './cards.component.html',
                      ~~~~~~~~~~~~~~~~~~~~~~~~
    Error occurs in the template of component CardsComponent.


Error: src/app/features/cards/cards.component.html:172:20 - error TS2339: 
Property 'activeDetailSlide' does not exist on type 'CardsComponent'.

172             *ngIf="activeDetailSlide?.imageUrl"
                       ~~~~~~~~~~~~~~~~~

  src/app/features/cards/cards.component.ts:12:16
    12   templateUrl: './cards.component.html',
                      ~~~~~~~~~~~~~~~~~~~~~~~~
    Error occurs in the template of component CardsComponent.


Error: src/app/features/cards/cards.component.html:174:22 - error TS2339: 
Property 'onImageError' does not exist on type 'CardsComponent'.

174             (error)="onImageError()"
                         ~~~~~~~~~~~~

  src/app/features/cards/cards.component.ts:12:16
    12   templateUrl: './cards.component.html',
                      ~~~~~~~~~~~~~~~~~~~~~~~~
    Error occurs in the template of component CardsComponent.


Error: src/app/features/cards/cards.component.html:175:20 - error TS2339: 
Property 'activeDetailSlide' does not exist on type 'CardsComponent'.

175             [alt]="activeDetailSlide?.name || detailCard.name"
                       ~~~~~~~~~~~~~~~~~

  src/app/features/cards/cards.component.ts:12:16
    12   templateUrl: './cards.component.html',
                      ~~~~~~~~~~~~~~~~~~~~~~~~
    Error occurs in the template of component CardsComponent.


Error: src/app/features/cards/cards.component.html:203:20 - error TS2339: 
Property 'selectDetailIndex' does not exist on type 'CardsComponent'.

203           (click)="selectDetailIndex(i)"
                       ~~~~~~~~~~~~~~~~~

  src/app/features/cards/cards.component.ts:12:16
    12   templateUrl: './cards.component.html',
                      ~~~~~~~~~~~~~~~~~~~~~~~~
    Error occurs in the template of component CardsComponent.


Error: src/app/features/cards/cards.component.html:209:23 - error TS2339: 
Property 'getThumbnailSrc' does not exist on type 'CardsComponent'.

209           <img [src]="getThumbnailSrc(i)" [alt]="s.name" 
class="aspect-[3/4] w-full rounded-sm object-contain bg-slate-950/80" />
                          ~~~~~~~~~~~~~~~

  src/app/features/cards/cards.component.ts:12:16
    12   templateUrl: './cards.component.html',
                      ~~~~~~~~~~~~~~~~~~~~~~~~
    Error occurs in the template of component CardsComponent.


Error: src/app/features/cards/cards.component.ts:143:7 - error TS1068: 
Unexpected token. A constructor, method, accessor, or property was expected.

143     } as any;
          ~~


Error: src/app/features/cards/cards.component.ts:143:7 - error TS2304: Cannot 
find name 'as'.

143     } as any;
          ~~


Error: src/app/features/cards/cards.component.ts:143:10 - error TS2693: 'any' 
only refers to a type, but is being used as a value here.

143     } as any;
             ~~~


Error: src/app/features/cards/cards.component.ts:145:5 - error TS2532: Object 
is possibly 'undefined'.

145     this.cardsService.getCards(params).subscribe({
        ~~~~


Error: src/app/features/cards/cards.component.ts:145:32 - error TS2304: Cannot 
find name 'params'.

145     this.cardsService.getCards(params).subscribe({
                                   ~~~~~~


Error: src/app/features/cards/cards.component.ts:146:14 - error TS7006: 
Parameter 'cards' implicitly has an 'any' type.

146       next: (cards) => {
                 ~~~~~


Error: src/app/features/cards/cards.component.ts:147:9 - error TS2532: Object 
is possibly 'undefined'.

147         this.cards = cards;
            ~~~~


Error: src/app/features/cards/cards.component.ts:148:9 - error TS2532: Object 
is possibly 'undefined'.

148         this.currentPage = 1;
            ~~~~


Error: src/app/features/cards/cards.component.ts:150:15 - error TS7006: 
Parameter 'err' implicitly has an 'any' type.

150       error: (err) => {
                  ~~~


Error: src/app/features/cards/cards.component.ts:151:9 - error TS2532: Object 
is possibly 'undefined'.

151         this.error = err?.error?.message ?? 'No se pudieron cargar las 
cartas';
            ~~~~


Error: src/app/features/cards/cards.component.ts:152:9 - error TS2532: Object 
is possibly 'undefined'.

152         this.loading = false;
            ~~~~


Error: src/app/features/cards/cards.component.ts:155:9 - error TS2532: Object 
is possibly 'undefined'.

155         this.loading = false;
            ~~~~


Error: src/app/features/cards/cards.component.ts:158:3 - error TS1128: 
Declaration or statement expected.

158   }
      ~


Error: src/app/features/cards/cards.component.ts:160:3 - error TS2304: Cannot 
find name 'toggleArrayValue'.

160   toggleArrayValue(control: string, value: any): void {
      ~~~~~~~~~~~~~~~~


Error: src/app/features/cards/cards.component.ts:160:20 - error TS2304: Cannot 
find name 'control'.

160   toggleArrayValue(control: string, value: any): void {
                       ~~~~~~~


Error: src/app/features/cards/cards.component.ts:160:27 - error TS1005: ',' 
expected.

160   toggleArrayValue(control: string, value: any): void {
                              ~


Error: src/app/features/cards/cards.component.ts:160:29 - error TS2693: 
'string' only refers to a type, but is being used as a value here.

160   toggleArrayValue(control: string, value: any): void {
                                ~~~~~~


Error: src/app/features/cards/cards.component.ts:160:37 - error TS2304: Cannot 
find name 'value'.

160   toggleArrayValue(control: string, value: any): void {
                                        ~~~~~


Error: src/app/features/cards/cards.component.ts:160:42 - error TS1005: ',' 
expected.

160   toggleArrayValue(control: string, value: any): void {
                                             ~


Error: src/app/features/cards/cards.component.ts:160:44 - error TS2693: 'any' 
only refers to a type, but is being used as a value here.

160   toggleArrayValue(control: string, value: any): void {
                                               ~~~


Error: src/app/features/cards/cards.component.ts:160:48 - error TS1005: ';' 
expected.

160   toggleArrayValue(control: string, value: any): void {
                                                   ~


Error: src/app/features/cards/cards.component.ts:161:11 - error TS1005: ':' 
expected.

161     const ctrl = this.filters.get(control);
              ~~~~


Error: src/app/features/cards/cards.component.ts:161:11 - error TS2304: Cannot 
find name 'ctrl'.

161     const ctrl = this.filters.get(control);
              ~~~~


Error: src/app/features/cards/cards.component.ts:161:18 - error TS2532: Object 
is possibly 'undefined'.

161     const ctrl = this.filters.get(control);
                     ~~~~


Error: src/app/features/cards/cards.component.ts:161:35 - error TS2304: Cannot 
find name 'control'.

161     const ctrl = this.filters.get(control);
                                      ~~~~~~~


Error: src/app/features/cards/cards.component.ts:161:43 - error TS1005: ',' 
expected.

161     const ctrl = this.filters.get(control);
                                              ~


Error: src/app/features/cards/cards.component.ts:162:9 - error TS1003: 
Identifier expected.

162     if (!ctrl) return;
            ~


Error: src/app/features/cards/cards.component.ts:162:9 - error TS7006: 
Parameter '(Missing)' implicitly has an 'any' type.

162     if (!ctrl) return;
            


Error: src/app/features/cards/cards.component.ts:162:10 - error TS7006: 
Parameter 'ctrl' implicitly has an 'any' type.

162     if (!ctrl) return;
             ~~~~


Error: src/app/features/cards/cards.component.ts:162:16 - error TS1005: '{' 
expected.

162     if (!ctrl) return;
                   ~~~~~~


Error: src/app/features/cards/cards.component.ts:162:22 - error TS1005: ':' 
expected.

162     if (!ctrl) return;
                         ~


Error: src/app/features/cards/cards.component.ts:163:11 - error TS1005: ':' 
expected.

163     const arr = Array.isArray(ctrl.value) ? [...ctrl.value] : [];
              ~~~


Error: src/app/features/cards/cards.component.ts:163:11 - error TS2304: Cannot 
find name 'arr'.

163     const arr = Array.isArray(ctrl.value) ? [...ctrl.value] : [];
              ~~~


Error: src/app/features/cards/cards.component.ts:163:31 - error TS2304: Cannot 
find name 'ctrl'.

163     const arr = Array.isArray(ctrl.value) ? [...ctrl.value] : [];
                                  ~~~~


Error: src/app/features/cards/cards.component.ts:163:49 - error TS2304: Cannot 
find name 'ctrl'.

163     const arr = Array.isArray(ctrl.value) ? [...ctrl.value] : [];
                                                    ~~~~


Error: src/app/features/cards/cards.component.ts:163:65 - error TS1005: ',' 
expected.

163     const arr = Array.isArray(ctrl.value) ? [...ctrl.value] : [];
                                                                    ~


Error: src/app/features/cards/cards.component.ts:164:11 - error TS1005: ':' 
expected.

164     const idx = arr.indexOf(value);
              ~~~


Error: src/app/features/cards/cards.component.ts:164:11 - error TS2304: Cannot 
find name 'idx'.

164     const idx = arr.indexOf(value);
              ~~~


Error: src/app/features/cards/cards.component.ts:164:17 - error TS2304: Cannot 
find name 'arr'.

164     const idx = arr.indexOf(value);
                    ~~~


Error: src/app/features/cards/cards.component.ts:164:29 - error TS2304: Cannot 
find name 'value'.

164     const idx = arr.indexOf(value);
                                ~~~~~


Error: src/app/features/cards/cards.component.ts:164:35 - error TS1005: ',' 
expected.

164     const idx = arr.indexOf(value);
                                      ~


Error: src/app/features/cards/cards.component.ts:165:9 - error TS7006: 
Parameter 'idx' implicitly has an 'any' type.

165     if (idx === -1) arr.push(value);
            ~~~


Error: src/app/features/cards/cards.component.ts:165:13 - error TS1005: ',' 
expected.

165     if (idx === -1) arr.push(value);
                ~~~


Error: src/app/features/cards/cards.component.ts:165:19 - error TS1005: ';' 
expected.

165     if (idx === -1) arr.push(value);
                      ~


Error: src/app/features/cards/cards.component.ts:165:21 - error TS2304: Cannot 
find name 'arr'.

165     if (idx === -1) arr.push(value);
                        ~~~


Error: src/app/features/cards/cards.component.ts:165:30 - error TS2304: Cannot 
find name 'value'.

165     if (idx === -1) arr.push(value);
                                 ~~~~~


Error: src/app/features/cards/cards.component.ts:166:5 - error TS1128: 
Declaration or statement expected.

166     else arr.splice(idx, 1);
        ~~~~


Error: src/app/features/cards/cards.component.ts:166:10 - error TS2304: Cannot 
find name 'arr'.

166     else arr.splice(idx, 1);
             ~~~


Error: src/app/features/cards/cards.component.ts:166:21 - error TS2304: Cannot 
find name 'idx'.

166     else arr.splice(idx, 1);
                        ~~~


Error: src/app/features/cards/cards.component.ts:167:5 - error TS2304: Cannot 
find name 'ctrl'.

167     ctrl.setValue(arr);
        ~~~~


Error: src/app/features/cards/cards.component.ts:167:19 - error TS2304: Cannot 
find name 'arr'.

167     ctrl.setValue(arr);
                      ~~~


Error: src/app/features/cards/cards.component.ts:168:3 - error TS1128: 
Declaration or statement expected.

168   }
      ~


Error: src/app/features/cards/cards.component.ts:170:3 - error TS2304: Cannot 
find name 'isSelected'.

170   isSelected(control: string, value: any): boolean {
      ~~~~~~~~~~


Error: src/app/features/cards/cards.component.ts:170:14 - error TS2304: Cannot 
find name 'control'.

170   isSelected(control: string, value: any): boolean {
                 ~~~~~~~


Error: src/app/features/cards/cards.component.ts:170:21 - error TS1005: ',' 
expected.

170   isSelected(control: string, value: any): boolean {
                        ~


Error: src/app/features/cards/cards.component.ts:170:23 - error TS2693: 
'string' only refers to a type, but is being used as a value here.

170   isSelected(control: string, value: any): boolean {
                          ~~~~~~


Error: src/app/features/cards/cards.component.ts:170:31 - error TS2304: Cannot 
find name 'value'.

170   isSelected(control: string, value: any): boolean {
                                  ~~~~~


Error: src/app/features/cards/cards.component.ts:170:36 - error TS1005: ',' 
expected.

170   isSelected(control: string, value: any): boolean {
                                       ~


Error: src/app/features/cards/cards.component.ts:170:38 - error TS2693: 'any' 
only refers to a type, but is being used as a value here.

170   isSelected(control: string, value: any): boolean {
                                         ~~~


Error: src/app/features/cards/cards.component.ts:170:42 - error TS1005: ';' 
expected.

170   isSelected(control: string, value: any): boolean {
                                             ~


Error: src/app/features/cards/cards.component.ts:170:44 - error TS1434: 
Unexpected keyword or identifier.

170   isSelected(control: string, value: any): boolean {
                                               ~~~~~~~


Error: src/app/features/cards/cards.component.ts:170:44 - error TS2693: 
'boolean' only refers to a type, but is being used as a value here.

170   isSelected(control: string, value: any): boolean {
                                               ~~~~~~~


Error: src/app/features/cards/cards.component.ts:171:18 - error TS2532: Object 
is possibly 'undefined'.

171     const ctrl = this.filters.get(control);
                     ~~~~


Error: src/app/features/cards/cards.component.ts:171:35 - error TS2304: Cannot 
find name 'control'.

171     const ctrl = this.filters.get(control);
                                      ~~~~~~~


Error: src/app/features/cards/cards.component.ts:177:3 - error TS2304: Cannot 
find name 'clearFilters'.

177   clearFilters(): void {
      ~~~~~~~~~~~~


Error: src/app/features/cards/cards.component.ts:177:17 - error TS1005: ';' 
expected.

177   clearFilters(): void {
                    ~


Error: src/app/features/cards/cards.component.ts:178:9 - error TS1005: ':' 
expected.

178     this.filters.reset({
            ~


Error: src/app/features/cards/cards.component.ts:180:14 - error TS1005: ',' 
expected.

180     } as any);
                 ~


Error: src/app/features/cards/cards.component.ts:181:9 - error TS1005: ':' 
expected.

181     this.search();
            ~


Error: src/app/features/cards/cards.component.ts:181:18 - error TS1005: ',' 
expected.

181     this.search();
                     ~


Error: src/app/features/cards/cards.component.ts:184:3 - error TS2304: Cannot 
find name 'reset'.

184   reset(): void {
      ~~~~~


Error: src/app/features/cards/cards.component.ts:184:10 - error TS1005: ';' 
expected.

184   reset(): void {
             ~


Error: src/app/features/cards/cards.component.ts:185:9 - error TS1005: ':' 
expected.

185     this.filters.reset({ nameOrId: '', text: '', set: '', subTypes: '', 
types: null, rarities: null, attributes: null, keywords: null, counterAmounts: 
null, colors: null, hasTrigger: false, costs: null, powerMin: 0, powerMax: 13 
} as any);
            ~


Error: src/app/features/cards/cards.component.ts:185:239 - error TS1005: ',' 
expected.

185     this.filters.reset({ nameOrId: '', text: '', set: '', subTypes: '', 
types: null, rarities: null, attributes: null, keywords: null, counterAmounts: 
null, colors: null, hasTrigger: false, costs: null, powerMin: 0, powerMax: 13 
} as any);
                                                                               
                                                                               
                                                                               
     ~


Error: src/app/features/cards/cards.component.ts:186:9 - error TS1005: ':' 
expected.

186     this.currentPage = 1;
            ~


Error: src/app/features/cards/cards.component.ts:186:25 - error TS1005: ',' 
expected.

186     this.currentPage = 1;
                            ~


Error: src/app/features/cards/cards.component.ts:187:9 - error TS1005: ':' 
expected.

187     this.search();
            ~


Error: src/app/features/cards/cards.component.ts:187:18 - error TS1005: ',' 
expected.

187     this.search();
                     ~


Error: src/app/features/cards/cards.component.ts:190:3 - error TS2304: Cannot 
find name 'goToPage'.

190   goToPage(page: number): void {
      ~~~~~~~~


Error: src/app/features/cards/cards.component.ts:190:12 - error TS2304: Cannot 
find name 'page'.

190   goToPage(page: number): void {
               ~~~~


Error: src/app/features/cards/cards.component.ts:190:16 - error TS1005: ',' 
expected.

190   goToPage(page: number): void {
                   ~


Error: src/app/features/cards/cards.component.ts:190:18 - error TS2693: 
'number' only refers to a type, but is being used as a value here.

190   goToPage(page: number): void {
                     ~~~~~~


Error: src/app/features/cards/cards.component.ts:190:25 - error TS1005: ';' 
expected.

190   goToPage(page: number): void {
                            ~


Error: src/app/features/cards/cards.component.ts:191:11 - error TS1005: ':' 
expected.

191     const nextPage = Math.min(Math.max(1, page), this.totalPages);
              ~~~~~~~~


Error: src/app/features/cards/cards.component.ts:191:11 - error TS2304: Cannot 
find name 'nextPage'.

191     const nextPage = Math.min(Math.max(1, page), this.totalPages);
              ~~~~~~~~


Error: src/app/features/cards/cards.component.ts:191:43 - error TS2304: Cannot 
find name 'page'.

191     const nextPage = Math.min(Math.max(1, page), this.totalPages);
                                              ~~~~


Error: src/app/features/cards/cards.component.ts:191:50 - error TS2532: Object 
is possibly 'undefined'.

191     const nextPage = Math.min(Math.max(1, page), this.totalPages);
                                                     ~~~~


Error: src/app/features/cards/cards.component.ts:191:66 - error TS1005: ',' 
expected.

191     const nextPage = Math.min(Math.max(1, page), this.totalPages);
                                                                     ~


Error: src/app/features/cards/cards.component.ts:192:9 - error TS1005: ':' 
expected.

192     this.currentPage = nextPage;
            ~


Error: src/app/features/cards/cards.component.ts:192:24 - error TS2304: Cannot 
find name 'nextPage'.

192     this.currentPage = nextPage;
                           ~~~~~~~~


Error: src/app/features/cards/cards.component.ts:192:32 - error TS1005: ',' 
expected.

192     this.currentPage = nextPage;
                                   ~


Error: src/app/features/cards/cards.component.ts:195:3 - error TS2304: Cannot 
find name 'prevPage'.

195   prevPage(): void {
      ~~~~~~~~


Error: src/app/features/cards/cards.component.ts:195:13 - error TS1005: ';' 
expected.

195   prevPage(): void {
                ~


Error: src/app/features/cards/cards.component.ts:196:9 - error TS1005: ':' 
expected.

196     this.goToPage(this.currentPage - 1);
            ~


Error: src/app/features/cards/cards.component.ts:196:19 - error TS2532: Object 
is possibly 'undefined'.

196     this.goToPage(this.currentPage - 1);
                      ~~~~


Error: src/app/features/cards/cards.component.ts:196:40 - error TS1005: ',' 
expected.

196     this.goToPage(this.currentPage - 1);
                                           ~


Error: src/app/features/cards/cards.component.ts:199:3 - error TS2304: Cannot 
find name 'nextPage'.

199   nextPage(): void {
      ~~~~~~~~


Error: src/app/features/cards/cards.component.ts:199:13 - error TS1005: ';' 
expected.

199   nextPage(): void {
                ~


Error: src/app/features/cards/cards.component.ts:200:9 - error TS1005: ':' 
expected.

200     this.goToPage(this.currentPage + 1);
            ~


Error: src/app/features/cards/cards.component.ts:200:19 - error TS2532: Object 
is possibly 'undefined'.

200     this.goToPage(this.currentPage + 1);
                      ~~~~


Error: src/app/features/cards/cards.component.ts:200:40 - error TS1005: ',' 
expected.

200     this.goToPage(this.currentPage + 1);
                                           ~


Error: src/app/features/cards/cards.component.ts:203:3 - error TS2304: Cannot 
find name 'changePageSize'.

203   changePageSize(value: string): void {
      ~~~~~~~~~~~~~~


Error: src/app/features/cards/cards.component.ts:203:18 - error TS2304: Cannot 
find name 'value'.

203   changePageSize(value: string): void {
                     ~~~~~


Error: src/app/features/cards/cards.component.ts:203:23 - error TS1005: ',' 
expected.

203   changePageSize(value: string): void {
                          ~


Error: src/app/features/cards/cards.component.ts:203:25 - error TS2693: 
'string' only refers to a type, but is being used as a value here.

203   changePageSize(value: string): void {
                            ~~~~~~


Error: src/app/features/cards/cards.component.ts:203:32 - error TS1005: ';' 
expected.

203   changePageSize(value: string): void {
                                   ~


Error: src/app/features/cards/cards.component.ts:204:11 - error TS1005: ':' 
expected.

204     const nextSize = Number(value);
              ~~~~~~~~


Error: src/app/features/cards/cards.component.ts:204:11 - error TS2304: Cannot 
find name 'nextSize'.

204     const nextSize = Number(value);
              ~~~~~~~~


Error: src/app/features/cards/cards.component.ts:204:29 - error TS2304: Cannot 
find name 'value'.

204     const nextSize = Number(value);
                                ~~~~~


Error: src/app/features/cards/cards.component.ts:204:35 - error TS1005: ',' 
expected.

204     const nextSize = Number(value);
                                      ~


Error: src/app/features/cards/cards.component.ts:205:9 - error TS1003: 
Identifier expected.

205     if (!Number.isFinite(nextSize) || nextSize <= 0) {
            ~


Error: src/app/features/cards/cards.component.ts:205:9 - error TS7006: 
Parameter '(Missing)' implicitly has an 'any' type.

205     if (!Number.isFinite(nextSize) || nextSize <= 0) {
            


Error: src/app/features/cards/cards.component.ts:205:10 - error TS7006: 
Parameter 'Number' implicitly has an 'any' type.

205     if (!Number.isFinite(nextSize) || nextSize <= 0) {
             ~~~~~~


Error: src/app/features/cards/cards.component.ts:205:16 - error TS1005: ',' 
expected.

205     if (!Number.isFinite(nextSize) || nextSize <= 0) {
                   ~


Error: src/app/features/cards/cards.component.ts:205:26 - error TS2304: Cannot 
find name 'nextSize'.

205     if (!Number.isFinite(nextSize) || nextSize <= 0) {
                             ~~~~~~~~


Error: src/app/features/cards/cards.component.ts:205:39 - error TS2304: Cannot 
find name 'nextSize'.

205     if (!Number.isFinite(nextSize) || nextSize <= 0) {
                                          ~~~~~~~~


Error: src/app/features/cards/cards.component.ts:205:52 - error TS1005: ',' 
expected.

205     if (!Number.isFinite(nextSize) || nextSize <= 0) {
                                                       ~


Error: src/app/features/cards/cards.component.ts:205:54 - error TS1136: 
Property assignment expected.

205     if (!Number.isFinite(nextSize) || nextSize <= 0) {
                                                         ~


Error: src/app/features/cards/cards.component.ts:209:5 - error TS2532: Object 
is possibly 'undefined'.

209     this.pageSize = nextSize;
        ~~~~


Error: src/app/features/cards/cards.component.ts:209:21 - error TS2304: Cannot 
find name 'nextSize'.

209     this.pageSize = nextSize;
                        ~~~~~~~~


Error: src/app/features/cards/cards.component.ts:210:5 - error TS2532: Object 
is possibly 'undefined'.

210     this.currentPage = 1;
        ~~~~


Error: src/app/features/cards/cards.component.ts:211:3 - error TS1128: 
Declaration or statement expected.

211   }
      ~


Error: src/app/features/cards/cards.component.ts:213:3 - error TS2304: Cannot 
find name 'openDetail'.

213   openDetail(card: ExternalCardDto): void {
      ~~~~~~~~~~


Error: src/app/features/cards/cards.component.ts:213:14 - error TS2304: Cannot 
find name 'card'.

213   openDetail(card: ExternalCardDto): void {
                 ~~~~


Error: src/app/features/cards/cards.component.ts:213:18 - error TS1005: ',' 
expected.

213   openDetail(card: ExternalCardDto): void {
                     ~


Error: src/app/features/cards/cards.component.ts:213:20 - error TS2693: 
'ExternalCardDto' only refers to a type, but is being used as a value here.

213   openDetail(card: ExternalCardDto): void {
                       ~~~~~~~~~~~~~~~


Error: src/app/features/cards/cards.component.ts:213:36 - error TS1005: ';' 
expected.

213   openDetail(card: ExternalCardDto): void {
                                       ~


Error: src/app/features/cards/cards.component.ts:214:9 - error TS1005: ':' 
expected.

214     this.detailOpen = true;
            ~


Error: src/app/features/cards/cards.component.ts:214:27 - error TS1005: ',' 
expected.

214     this.detailOpen = true;
                              ~


Error: src/app/features/cards/cards.component.ts:215:9 - error TS1005: ':' 
expected.

215     this.detailError = '';
            ~


Error: src/app/features/cards/cards.component.ts:215:26 - error TS1005: ',' 
expected.

215     this.detailError = '';
                             ~


Error: src/app/features/cards/cards.component.ts:216:9 - error TS1005: ':' 
expected.

216     this.detailCard = card;
            ~


Error: src/app/features/cards/cards.component.ts:216:23 - error TS2304: Cannot 
find name 'card'.

216     this.detailCard = card;
                          ~~~~


Error: src/app/features/cards/cards.component.ts:216:27 - error TS1005: ',' 
expected.

216     this.detailCard = card;
                              ~


Error: src/app/features/cards/cards.component.ts:217:9 - error TS1005: ':' 
expected.

217     this.detailVersions = [];
            ~


Error: src/app/features/cards/cards.component.ts:217:29 - error TS1005: ',' 
expected.

217     this.detailVersions = [];
                                ~


Error: src/app/features/cards/cards.component.ts:218:9 - error TS1005: ':' 
expected.

218     this.detailSlides = [card];
            ~


Error: src/app/features/cards/cards.component.ts:218:26 - error TS2304: Cannot 
find name 'card'.

218     this.detailSlides = [card];
                             ~~~~


Error: src/app/features/cards/cards.component.ts:218:31 - error TS1005: ',' 
expected.

218     this.detailSlides = [card];
                                  ~


Error: src/app/features/cards/cards.component.ts:219:9 - error TS1005: ':' 
expected.

219     this.detailImageIndex = 0;
            ~


Error: src/app/features/cards/cards.component.ts:219:30 - error TS1005: ',' 
expected.

219     this.detailImageIndex = 0;
                                 ~


Error: src/app/features/cards/cards.component.ts:220:9 - error TS1005: ':' 
expected.

220     this.imageNonce++;
            ~


Error: src/app/features/cards/cards.component.ts:220:22 - error TS1005: ',' 
expected.

220     this.imageNonce++;
                         ~


Error: src/app/features/cards/cards.component.ts:221:9 - error TS1005: ':' 
expected.

221     this.imageFallbackTried = false;
            ~


Error: src/app/features/cards/cards.component.ts:221:36 - error TS1005: ',' 
expected.

221     this.imageFallbackTried = false;
                                       ~


Error: src/app/features/cards/cards.component.ts:222:9 - error TS1005: ':' 
expected.

222     this.loadActiveImageWithGet();
            ~


Error: src/app/features/cards/cards.component.ts:222:34 - error TS1005: ',' 
expected.

222     this.loadActiveImageWithGet();
                                     ~


Error: src/app/features/cards/cards.component.ts:224:11 - error TS1005: ':' 
expected.

224     const cardSetId = card.cardSetId?.trim();
              ~~~~~~~~~


Error: src/app/features/cards/cards.component.ts:224:11 - error TS2304: Cannot 
find name 'cardSetId'.

224     const cardSetId = card.cardSetId?.trim();
              ~~~~~~~~~


Error: src/app/features/cards/cards.component.ts:224:23 - error TS2304: Cannot 
find name 'card'.

224     const cardSetId = card.cardSetId?.trim();
                          ~~~~


Error: src/app/features/cards/cards.component.ts:224:45 - error TS1005: ',' 
expected.

224     const cardSetId = card.cardSetId?.trim();
                                                ~


Error: src/app/features/cards/cards.component.ts:225:9 - error TS1003: 
Identifier expected.

225     if (!cardSetId) {
            ~


Error: src/app/features/cards/cards.component.ts:225:9 - error TS7006: 
Parameter '(Missing)' implicitly has an 'any' type.

225     if (!cardSetId) {
            


Error: src/app/features/cards/cards.component.ts:225:10 - error TS7006: 
Parameter 'cardSetId' implicitly has an 'any' type.

225     if (!cardSetId) {
             ~~~~~~~~~


Error: src/app/features/cards/cards.component.ts:226:12 - error TS2339: 
Property 'detailError' does not exist on type '{ this: any; const: number; 
if(: any, cardSetId: any): void; }'.

226       this.detailError = 'La carta no incluye card_set_id. Mostrando 
imagen disponible.';
               ~~~~~~~~~~~


Error: src/app/features/cards/cards.component.ts:227:12 - error TS2339: 
Property 'detailLoading' does not exist on type '{ this: any; const: number; 
if(: any, cardSetId: any): void; }'.

227       this.detailLoading = false;
               ~~~~~~~~~~~~~


Error: src/app/features/cards/cards.component.ts:231:5 - error TS1005: ',' 
expected.

231     const requestId = ++this.detailRequestSeq;
        ~~~~~


Error: src/app/features/cards/cards.component.ts:231:11 - error TS1005: ':' 
expected.

231     const requestId = ++this.detailRequestSeq;
              ~~~~~~~~~


Error: src/app/features/cards/cards.component.ts:231:11 - error TS2304: Cannot 
find name 'requestId'.

231     const requestId = ++this.detailRequestSeq;
              ~~~~~~~~~


Error: src/app/features/cards/cards.component.ts:231:25 - error TS2532: Object 
is possibly 'undefined'.

231     const requestId = ++this.detailRequestSeq;
                            ~~~~


Error: src/app/features/cards/cards.component.ts:231:46 - error TS1005: ',' 
expected.

231     const requestId = ++this.detailRequestSeq;
                                                 ~


Error: src/app/features/cards/cards.component.ts:232:9 - error TS1005: ':' 
expected.

232     this.detailLoading = true;
            ~


Error: src/app/features/cards/cards.component.ts:232:30 - error TS1005: ',' 
expected.

232     this.detailLoading = true;
                                 ~


Error: src/app/features/cards/cards.component.ts:234:9 - error TS1005: ':' 
expected.

234     this.cardsService.getCardVersionsBySetId(cardSetId).subscribe({
            ~


Error: src/app/features/cards/cards.component.ts:234:46 - error TS2304: Cannot 
find name 'cardSetId'.

234     this.cardsService.getCardVersionsBySetId(cardSetId).subscribe({
                                                 ~~~~~~~~~


Error: src/app/features/cards/cards.component.ts:235:14 - error TS7006: 
Parameter 'versions' implicitly has an 'any' type.

235       next: (versions) => {
                 ~~~~~~~~


Error: src/app/features/cards/cards.component.ts:236:13 - error TS2304: Cannot 
find name 'requestId'.

236         if (requestId !== this.detailRequestSeq) {
                ~~~~~~~~~


Error: src/app/features/cards/cards.component.ts:236:27 - error TS2532: Object 
is possibly 'undefined'.

236         if (requestId !== this.detailRequestSeq) {
                              ~~~~


Error: src/app/features/cards/cards.component.ts:240:9 - error TS2532: Object 
is possibly 'undefined'.

240         this.detailVersions = versions;
            ~~~~


Error: src/app/features/cards/cards.component.ts:241:9 - error TS2532: Object 
is possibly 'undefined'.

241         this.detailSlides = this.buildSlides(card, versions);
            ~~~~


Error: src/app/features/cards/cards.component.ts:241:29 - error TS2532: Object 
is possibly 'undefined'.

241         this.detailSlides = this.buildSlides(card, versions);
                                ~~~~


Error: src/app/features/cards/cards.component.ts:241:46 - error TS2304: Cannot 
find name 'card'.

241         this.detailSlides = this.buildSlides(card, versions);
                                                 ~~~~


Error: src/app/features/cards/cards.component.ts:242:9 - error TS2532: Object 
is possibly 'undefined'.

242         this.detailImageIndex = 0;
            ~~~~


Error: src/app/features/cards/cards.component.ts:243:9 - error TS2532: Object 
is possibly 'undefined'.

243         this.imageNonce++;
            ~~~~


Error: src/app/features/cards/cards.component.ts:244:9 - error TS2532: Object 
is possibly 'undefined'.

244         this.imageFallbackTried = false;
            ~~~~


Error: src/app/features/cards/cards.component.ts:245:9 - error TS2532: Object 
is possibly 'undefined'.

245         this.loadActiveImageWithGet();
            ~~~~


Error: src/app/features/cards/cards.component.ts:247:13 - error TS2532: Object 
is possibly 'undefined'.

247         if (this.detailSlides.length > 0) {
                ~~~~


Error: src/app/features/cards/cards.component.ts:248:11 - error TS2532: Object 
is possibly 'undefined'.

248           this.detailCard = this.mergeCardData(card, this.detailSlides[0]);
              ~~~~


Error: src/app/features/cards/cards.component.ts:248:29 - error TS2532: Object 
is possibly 'undefined'.

248           this.detailCard = this.mergeCardData(card, this.detailSlides[0]);
                                ~~~~


Error: src/app/features/cards/cards.component.ts:248:48 - error TS2304: Cannot 
find name 'card'.

248           this.detailCard = this.mergeCardData(card, this.detailSlides[0]);
                                                   ~~~~


Error: src/app/features/cards/cards.component.ts:248:54 - error TS2532: Object 
is possibly 'undefined'.

248           this.detailCard = this.mergeCardData(card, this.detailSlides[0]);
                                                         ~~~~


Error: src/app/features/cards/cards.component.ts:252:13 - error TS2304: Cannot 
find name 'requestId'.

252         if (requestId !== this.detailRequestSeq) {
                ~~~~~~~~~


Error: src/app/features/cards/cards.component.ts:252:27 - error TS2532: Object 
is possibly 'undefined'.

252         if (requestId !== this.detailRequestSeq) {
                              ~~~~


Error: src/app/features/cards/cards.component.ts:255:9 - error TS2532: Object 
is possibly 'undefined'.

255         this.detailError = 'No se pudieron cargar las versiones. Mostrando 
imagen disponible.';
            ~~~~


Error: src/app/features/cards/cards.component.ts:256:9 - error TS2532: Object 
is possibly 'undefined'.

256         this.detailLoading = false;
            ~~~~


Error: src/app/features/cards/cards.component.ts:259:13 - error TS2304: Cannot 
find name 'requestId'.

259         if (requestId !== this.detailRequestSeq) {
                ~~~~~~~~~


Error: src/app/features/cards/cards.component.ts:259:27 - error TS2532: Object 
is possibly 'undefined'.

259         if (requestId !== this.detailRequestSeq) {
                              ~~~~


Error: src/app/features/cards/cards.component.ts:262:9 - error TS2532: Object 
is possibly 'undefined'.

262         this.detailLoading = false;
            ~~~~


Error: src/app/features/cards/cards.component.ts:264:7 - error TS1005: ',' 
expected.

264     });
          ~


Error: src/app/features/cards/cards.component.ts:267:3 - error TS2304: Cannot 
find name 'closeDetail'.

267   closeDetail(): void {
      ~~~~~~~~~~~


Error: src/app/features/cards/cards.component.ts:267:16 - error TS1005: ';' 
expected.

267   closeDetail(): void {
                   ~


Error: src/app/features/cards/cards.component.ts:268:9 - error TS1005: ':' 
expected.

268     this.detailOpen = false;
            ~


Error: src/app/features/cards/cards.component.ts:268:28 - error TS1005: ',' 
expected.

268     this.detailOpen = false;
                               ~


Error: src/app/features/cards/cards.component.ts:269:9 - error TS1005: ':' 
expected.

269     this.detailLoading = false;
            ~


Error: src/app/features/cards/cards.component.ts:269:31 - error TS1005: ',' 
expected.

269     this.detailLoading = false;
                                  ~


Error: src/app/features/cards/cards.component.ts:270:9 - error TS1005: ':' 
expected.

270     this.detailError = '';
            ~


Error: src/app/features/cards/cards.component.ts:270:26 - error TS1005: ',' 
expected.

270     this.detailError = '';
                             ~


Error: src/app/features/cards/cards.component.ts:271:9 - error TS1005: ':' 
expected.

271     this.detailCard = null;
            ~


Error: src/app/features/cards/cards.component.ts:271:27 - error TS1005: ',' 
expected.

271     this.detailCard = null;
                              ~


Error: src/app/features/cards/cards.component.ts:272:9 - error TS1005: ':' 
expected.

272     this.detailVersions = [];
            ~


Error: src/app/features/cards/cards.component.ts:272:29 - error TS1005: ',' 
expected.

272     this.detailVersions = [];
                                ~


Error: src/app/features/cards/cards.component.ts:273:9 - error TS1005: ':' 
expected.

273     this.detailSlides = [];
            ~


Error: src/app/features/cards/cards.component.ts:273:27 - error TS1005: ',' 
expected.

273     this.detailSlides = [];
                              ~


Error: src/app/features/cards/cards.component.ts:274:9 - error TS1005: ':' 
expected.

274     this.detailImageIndex = 0;
            ~


Error: src/app/features/cards/cards.component.ts:274:30 - error TS1005: ',' 
expected.

274     this.detailImageIndex = 0;
                                 ~


Error: src/app/features/cards/cards.component.ts:275:9 - error TS1005: ':' 
expected.

275     this.imageNonce++;
            ~


Error: src/app/features/cards/cards.component.ts:275:22 - error TS1005: ',' 
expected.

275     this.imageNonce++;
                         ~


Error: src/app/features/cards/cards.component.ts:276:9 - error TS1005: ':' 
expected.

276     this.imageLoadSeq++;
            ~


Error: src/app/features/cards/cards.component.ts:276:24 - error TS1005: ',' 
expected.

276     this.imageLoadSeq++;
                           ~


Error: src/app/features/cards/cards.component.ts:277:9 - error TS1005: ':' 
expected.

277     this.activeImageSrc = undefined;
            ~


Error: src/app/features/cards/cards.component.ts:277:36 - error TS1005: ',' 
expected.

277     this.activeImageSrc = undefined;
                                       ~


Error: src/app/features/cards/cards.component.ts:278:9 - error TS1005: ':' 
expected.

278     this.imageLoading = false;
            ~


Error: src/app/features/cards/cards.component.ts:278:30 - error TS1005: ',' 
expected.

278     this.imageLoading = false;
                                 ~


Error: src/app/features/cards/cards.component.ts:279:9 - error TS1005: ':' 
expected.

279     this.imageFallbackTried = false;
            ~


Error: src/app/features/cards/cards.component.ts:279:36 - error TS1005: ',' 
expected.

279     this.imageFallbackTried = false;
                                       ~


Error: src/app/features/cards/cards.component.ts:282:3 - error TS1434: 
Unexpected keyword or identifier.

282   get activeDetailSlide(): ExternalCardDto | undefined {
      ~~~


Error: src/app/features/cards/cards.component.ts:282:3 - error TS2304: Cannot 
find name 'get'.

282   get activeDetailSlide(): ExternalCardDto | undefined {
      ~~~


Error: src/app/features/cards/cards.component.ts:282:7 - error TS2304: Cannot 
find name 'activeDetailSlide'.

282   get activeDetailSlide(): ExternalCardDto | undefined {
          ~~~~~~~~~~~~~~~~~


Error: src/app/features/cards/cards.component.ts:282:26 - error TS1005: ';' 
expected.

282   get activeDetailSlide(): ExternalCardDto | undefined {
                             ~


Error: src/app/features/cards/cards.component.ts:282:28 - error TS2693: 
'ExternalCardDto' only refers to a type, but is being used as a value here.

282   get activeDetailSlide(): ExternalCardDto | undefined {
                               ~~~~~~~~~~~~~~~


Error: src/app/features/cards/cards.component.ts:282:46 - error TS18050: The 
value 'undefined' cannot be used here.

282   get activeDetailSlide(): ExternalCardDto | undefined {
                                                 ~~~~~~~~~


Error: src/app/features/cards/cards.component.ts:282:56 - error TS1005: ';' 
expected.

282   get activeDetailSlide(): ExternalCardDto | undefined {
                                                           ~


Error: src/app/features/cards/cards.component.ts:286:3 - error TS2304: Cannot 
find name 'prevDetailImage'.

286   prevDetailImage(): void {
      ~~~~~~~~~~~~~~~


Error: src/app/features/cards/cards.component.ts:286:20 - error TS1005: ';' 
expected.

286   prevDetailImage(): void {
                       ~


Error: src/app/features/cards/cards.component.ts:287:13 - error TS1005: ',' 
expected.

287     if (this.detailSlides.length <= 1) {
                ~


Error: src/app/features/cards/cards.component.ts:287:38 - error TS1005: ',' 
expected.

287     if (this.detailSlides.length <= 1) {
                                         ~


Error: src/app/features/cards/cards.component.ts:287:40 - error TS1136: 
Property assignment expected.

287     if (this.detailSlides.length <= 1) {
                                           ~


Error: src/app/features/cards/cards.component.ts:291:5 - error TS2532: Object 
is possibly 'undefined'.

291     this.detailImageIndex = (this.detailImageIndex - 1 + 
this.detailSlides.length) % this.detailSlides.length;
        ~~~~


Error: src/app/features/cards/cards.component.ts:291:30 - error TS2532: Object 
is possibly 'undefined'.

291     this.detailImageIndex = (this.detailImageIndex - 1 + 
this.detailSlides.length) % this.detailSlides.length;
                                 ~~~~


Error: src/app/features/cards/cards.component.ts:291:58 - error TS2532: Object 
is possibly 'undefined'.

291     this.detailImageIndex = (this.detailImageIndex - 1 + 
this.detailSlides.length) % this.detailSlides.length;
                                                             ~~~~


Error: src/app/features/cards/cards.component.ts:291:86 - error TS2532: Object 
is possibly 'undefined'.

291     this.detailImageIndex = (this.detailImageIndex - 1 + 
this.detailSlides.length) % this.detailSlides.length;
                                                                               
          ~~~~


Error: src/app/features/cards/cards.component.ts:292:5 - error TS2532: Object 
is possibly 'undefined'.

292     this.imageNonce++;
        ~~~~


Error: src/app/features/cards/cards.component.ts:293:5 - error TS2532: Object 
is possibly 'undefined'.

293     this.imageFallbackTried = false;
        ~~~~


Error: src/app/features/cards/cards.component.ts:294:5 - error TS2532: Object 
is possibly 'undefined'.

294     this.loadActiveImageWithGet();
        ~~~~


Error: src/app/features/cards/cards.component.ts:295:3 - error TS1128: 
Declaration or statement expected.

295   }
      ~


Error: src/app/features/cards/cards.component.ts:297:3 - error TS2304: Cannot 
find name 'nextDetailImage'.

297   nextDetailImage(): void {
      ~~~~~~~~~~~~~~~


Error: src/app/features/cards/cards.component.ts:297:20 - error TS1005: ';' 
expected.

297   nextDetailImage(): void {
                       ~


Error: src/app/features/cards/cards.component.ts:298:13 - error TS1005: ',' 
expected.

298     if (this.detailSlides.length <= 1) {
                ~


Error: src/app/features/cards/cards.component.ts:298:38 - error TS1005: ',' 
expected.

298     if (this.detailSlides.length <= 1) {
                                         ~


Error: src/app/features/cards/cards.component.ts:298:40 - error TS1136: 
Property assignment expected.

298     if (this.detailSlides.length <= 1) {
                                           ~


Error: src/app/features/cards/cards.component.ts:302:5 - error TS2532: Object 
is possibly 'undefined'.

302     this.detailImageIndex = (this.detailImageIndex + 1) % 
this.detailSlides.length;
        ~~~~


Error: src/app/features/cards/cards.component.ts:302:30 - error TS2532: Object 
is possibly 'undefined'.

302     this.detailImageIndex = (this.detailImageIndex + 1) % 
this.detailSlides.length;
                                 ~~~~


Error: src/app/features/cards/cards.component.ts:302:59 - error TS2532: Object 
is possibly 'undefined'.

302     this.detailImageIndex = (this.detailImageIndex + 1) % 
this.detailSlides.length;
                                                              ~~~~


Error: src/app/features/cards/cards.component.ts:303:5 - error TS2532: Object 
is possibly 'undefined'.

303     this.imageNonce++;
        ~~~~


Error: src/app/features/cards/cards.component.ts:304:5 - error TS2532: Object 
is possibly 'undefined'.

304     this.imageFallbackTried = false;
        ~~~~


Error: src/app/features/cards/cards.component.ts:305:5 - error TS2532: Object 
is possibly 'undefined'.

305     this.loadActiveImageWithGet();
        ~~~~


Error: src/app/features/cards/cards.component.ts:306:3 - error TS1128: 
Declaration or statement expected.

306   }
      ~


Error: src/app/features/cards/cards.component.ts:308:3 - error TS2304: Cannot 
find name 'selectDetailIndex'.

308   selectDetailIndex(index: number): void {
      ~~~~~~~~~~~~~~~~~


Error: src/app/features/cards/cards.component.ts:308:21 - error TS2304: Cannot 
find name 'index'.

308   selectDetailIndex(index: number): void {
                        ~~~~~


Error: src/app/features/cards/cards.component.ts:308:26 - error TS1005: ',' 
expected.

308   selectDetailIndex(index: number): void {
                             ~


Error: src/app/features/cards/cards.component.ts:308:28 - error TS2693: 
'number' only refers to a type, but is being used as a value here.

308   selectDetailIndex(index: number): void {
                               ~~~~~~


Error: src/app/features/cards/cards.component.ts:308:35 - error TS1005: ';' 
expected.

308   selectDetailIndex(index: number): void {
                                      ~


Error: src/app/features/cards/cards.component.ts:309:9 - error TS7006: 
Parameter 'index' implicitly has an 'any' type.

309     if (index < 0 || index >= this.detailSlides.length) return;
            ~~~~~


Error: src/app/features/cards/cards.component.ts:309:14 - error TS2300: 
Duplicate identifier '(Missing)'.

309     if (index < 0 || index >= this.detailSlides.length) return;
                 


Error: src/app/features/cards/cards.component.ts:309:14 - error TS7006: 
Parameter '(Missing)' implicitly has an 'any' type.

309     if (index < 0 || index >= this.detailSlides.length) return;
                 


Error: src/app/features/cards/cards.component.ts:309:15 - error TS1005: ',' 
expected.

309     if (index < 0 || index >= this.detailSlides.length) return;
                  ~


Error: src/app/features/cards/cards.component.ts:309:16 - error TS2300: 
Duplicate identifier '(Missing)'.

309     if (index < 0 || index >= this.detailSlides.length) return;
                   


Error: src/app/features/cards/cards.component.ts:309:16 - error TS7006: 
Parameter '(Missing)' implicitly has an 'any' type.

309     if (index < 0 || index >= this.detailSlides.length) return;
                   


Error: src/app/features/cards/cards.component.ts:309:17 - error TS1003: 
Identifier expected.

309     if (index < 0 || index >= this.detailSlides.length) return;
                    ~


Error: src/app/features/cards/cards.component.ts:309:19 - error TS1138: 
Parameter declaration expected.

309     if (index < 0 || index >= this.detailSlides.length) return;
                      ~~


Error: src/app/features/cards/cards.component.ts:309:22 - error TS2304: Cannot 
find name 'index'.

309     if (index < 0 || index >= this.detailSlides.length) return;
                         ~~~~~


Error: src/app/features/cards/cards.component.ts:309:31 - error TS2532: Object 
is possibly 'undefined'.

309     if (index < 0 || index >= this.detailSlides.length) return;
                                  ~~~~


Error: src/app/features/cards/cards.component.ts:309:55 - error TS1005: ';' 
expected.

309     if (index < 0 || index >= this.detailSlides.length) return;
                                                          ~


Error: src/app/features/cards/cards.component.ts:310:5 - error TS2532: Object 
is possibly 'undefined'.

310     this.detailImageIndex = index;
        ~~~~


Error: src/app/features/cards/cards.component.ts:310:29 - error TS2304: Cannot 
find name 'index'.

310     this.detailImageIndex = index;
                                ~~~~~


Error: src/app/features/cards/cards.component.ts:311:5 - error TS2532: Object 
is possibly 'undefined'.

311     this.imageNonce++;
        ~~~~


Error: src/app/features/cards/cards.component.ts:312:5 - error TS2532: Object 
is possibly 'undefined'.

312     this.imageFallbackTried = false;
        ~~~~


Error: src/app/features/cards/cards.component.ts:313:5 - error TS2532: Object 
is possibly 'undefined'.

313     this.loadActiveImageWithGet();
        ~~~~


Error: src/app/features/cards/cards.component.ts:314:3 - error TS1128: 
Declaration or statement expected.

314   }
      ~


Error: src/app/features/cards/cards.component.ts:316:3 - error TS2304: Cannot 
find name 'getThumbnailSrc'.

316   getThumbnailSrc(index: number): string | undefined {
      ~~~~~~~~~~~~~~~


Error: src/app/features/cards/cards.component.ts:316:19 - error TS2304: Cannot 
find name 'index'.

316   getThumbnailSrc(index: number): string | undefined {
                      ~~~~~


Error: src/app/features/cards/cards.component.ts:316:24 - error TS1005: ',' 
expected.

316   getThumbnailSrc(index: number): string | undefined {
                           ~


Error: src/app/features/cards/cards.component.ts:316:26 - error TS2693: 
'number' only refers to a type, but is being used as a value here.

316   getThumbnailSrc(index: number): string | undefined {
                             ~~~~~~


Error: src/app/features/cards/cards.component.ts:316:33 - error TS1005: ';' 
expected.

316   getThumbnailSrc(index: number): string | undefined {
                                    ~


Error: src/app/features/cards/cards.component.ts:316:35 - error TS2693: 
'string' only refers to a type, but is being used as a value here.

316   getThumbnailSrc(index: number): string | undefined {
                                      ~~~~~~


Error: src/app/features/cards/cards.component.ts:316:44 - error TS18050: The 
value 'undefined' cannot be used here.

316   getThumbnailSrc(index: number): string | undefined {
                                               ~~~~~~~~~


Error: src/app/features/cards/cards.component.ts:316:54 - error TS1005: ';' 
expected.

316   getThumbnailSrc(index: number): string | undefined {
                                                         ~


Error: src/app/features/cards/cards.component.ts:317:19 - error TS2532: Object 
is possibly 'undefined'.

317     const slide = this.detailSlides[index];
                      ~~~~


Error: src/app/features/cards/cards.component.ts:317:37 - error TS2304: Cannot 
find name 'index'.

317     const slide = this.detailSlides[index];
                                        ~~~~~


Error: src/app/features/cards/cards.component.ts:323:3 - error TS1128: 
Declaration or statement expected.

323   private buildSlides(base: ExternalCardDto, versions: ExternalCardDto[]): 
ExternalCardDto[] {
      ~~~~~~~


Error: src/app/features/cards/cards.component.ts:323:11 - error TS2304: Cannot 
find name 'buildSlides'.

323   private buildSlides(base: ExternalCardDto, versions: ExternalCardDto[]): 
ExternalCardDto[] {
              ~~~~~~~~~~~


Error: src/app/features/cards/cards.component.ts:323:23 - error TS2304: Cannot 
find name 'base'.

323   private buildSlides(base: ExternalCardDto, versions: ExternalCardDto[]): 
ExternalCardDto[] {
                          ~~~~


Error: src/app/features/cards/cards.component.ts:323:27 - error TS1005: ',' 
expected.

323   private buildSlides(base: ExternalCardDto, versions: ExternalCardDto[]): 
ExternalCardDto[] {
                              ~


Error: src/app/features/cards/cards.component.ts:323:29 - error TS2693: 
'ExternalCardDto' only refers to a type, but is being used as a value here.

323   private buildSlides(base: ExternalCardDto, versions: ExternalCardDto[]): 
ExternalCardDto[] {
                                ~~~~~~~~~~~~~~~


Error: src/app/features/cards/cards.component.ts:323:46 - error TS2304: Cannot 
find name 'versions'.

323   private buildSlides(base: ExternalCardDto, versions: ExternalCardDto[]): 
ExternalCardDto[] {
                                                 ~~~~~~~~


Error: src/app/features/cards/cards.component.ts:323:54 - error TS1005: ',' 
expected.

323   private buildSlides(base: ExternalCardDto, versions: ExternalCardDto[]): 
ExternalCardDto[] {
                                                         ~


Error: src/app/features/cards/cards.component.ts:323:56 - error TS2693: 
'ExternalCardDto' only refers to a type, but is being used as a value here.

323   private buildSlides(base: ExternalCardDto, versions: ExternalCardDto[]): 
ExternalCardDto[] {
                                                           ~~~~~~~~~~~~~~~


Error: src/app/features/cards/cards.component.ts:323:72 - error TS1011: An 
element access expression should take an argument.

323   private buildSlides(base: ExternalCardDto, versions: ExternalCardDto[]): 
ExternalCardDto[] {
                                                                           


Error: src/app/features/cards/cards.component.ts:323:74 - error TS1005: ';' 
expected.

323   private buildSlides(base: ExternalCardDto, versions: ExternalCardDto[]): 
ExternalCardDto[] {
                                                                             ~


Error: src/app/features/cards/cards.component.ts:323:76 - error TS2693: 
'ExternalCardDto' only refers to a type, but is being used as a value here.

323   private buildSlides(base: ExternalCardDto, versions: ExternalCardDto[]): 
ExternalCardDto[] {
                                                                               
~~~~~~~~~~~~~~~


Error: src/app/features/cards/cards.component.ts:323:92 - error TS1011: An 
element access expression should take an argument.

323   private buildSlides(base: ExternalCardDto, versions: ExternalCardDto[]): 
ExternalCardDto[] {
                                                                               
                


Error: src/app/features/cards/cards.component.ts:323:94 - error TS1005: ';' 
expected.

323   private buildSlides(base: ExternalCardDto, versions: ExternalCardDto[]): 
ExternalCardDto[] {
                                                                               
                  ~


Error: src/app/features/cards/cards.component.ts:324:20 - error TS2304: Cannot 
find name 'versions'.

324     const slides = versions
                       ~~~~~~~~


Error: src/app/features/cards/cards.component.ts:325:16 - error TS7006: 
Parameter 'version' implicitly has an 'any' type.

325       .filter((version) => !!version.imageUrl)
                   ~~~~~~~


Error: src/app/features/cards/cards.component.ts:326:13 - error TS7006: 
Parameter 'version' implicitly has an 'any' type.

326       .map((version) => this.mergeCardData(base, version));
                ~~~~~~~


Error: src/app/features/cards/cards.component.ts:326:25 - error TS2532: Object 
is possibly 'undefined'.

326       .map((version) => this.mergeCardData(base, version));
                            ~~~~


Error: src/app/features/cards/cards.component.ts:326:44 - error TS2304: Cannot 
find name 'base'.

326       .map((version) => this.mergeCardData(base, version));
                                               ~~~~


Error: src/app/features/cards/cards.component.ts:335:3 - error TS1128: 
Declaration or statement expected.

335   private loadActiveImageWithGet(): void {
      ~~~~~~~


Error: src/app/features/cards/cards.component.ts:335:11 - error TS2304: Cannot 
find name 'loadActiveImageWithGet'.

335   private loadActiveImageWithGet(): void {
              ~~~~~~~~~~~~~~~~~~~~~~


Error: src/app/features/cards/cards.component.ts:335:35 - error TS1005: ';' 
expected.

335   private loadActiveImageWithGet(): void {
                                      ~


Error: src/app/features/cards/cards.component.ts:336:11 - error TS1005: ':' 
expected.

336     const rawUrl = this.activeDetailSlide?.imageUrl;
              ~~~~~~


Error: src/app/features/cards/cards.component.ts:336:11 - error TS2304: Cannot 
find name 'rawUrl'.

336     const rawUrl = this.activeDetailSlide?.imageUrl;
              ~~~~~~


Error: src/app/features/cards/cards.component.ts:336:20 - error TS2532: Object 
is possibly 'undefined'.

336     const rawUrl = this.activeDetailSlide?.imageUrl;
                       ~~~~


Error: src/app/features/cards/cards.component.ts:336:52 - error TS1005: ',' 
expected.

336     const rawUrl = this.activeDetailSlide?.imageUrl;
                                                       ~


Error: src/app/features/cards/cards.component.ts:337:9 - error TS1003: 
Identifier expected.

337     if (!rawUrl) {
            ~


Error: src/app/features/cards/cards.component.ts:337:9 - error TS7006: 
Parameter '(Missing)' implicitly has an 'any' type.

337     if (!rawUrl) {
            


Error: src/app/features/cards/cards.component.ts:337:10 - error TS7006: 
Parameter 'rawUrl' implicitly has an 'any' type.

337     if (!rawUrl) {
             ~~~~~~


Error: src/app/features/cards/cards.component.ts:338:12 - error TS2339: 
Property 'activeImageSrc' does not exist on type '{ const: HTMLImageElement; 
if(: any, rawUrl: any): void; this: boolean; preloader: any; "": any; }'.

338       this.activeImageSrc = undefined;
               ~~~~~~~~~~~~~~


Error: src/app/features/cards/cards.component.ts:339:12 - error TS2339: 
Property 'imageLoading' does not exist on type '{ const: HTMLImageElement; 
if(: any, rawUrl: any): void; this: boolean; preloader: any; "": any; }'.

339       this.imageLoading = false;
               ~~~~~~~~~~~~


Error: src/app/features/cards/cards.component.ts:343:5 - error TS1005: ',' 
expected.

343     const sep = rawUrl.includes('?') ? '&' : '?';
        ~~~~~


Error: src/app/features/cards/cards.component.ts:343:11 - error TS1005: ':' 
expected.

343     const sep = rawUrl.includes('?') ? '&' : '?';
              ~~~


Error: src/app/features/cards/cards.component.ts:343:11 - error TS2304: Cannot 
find name 'sep'.

343     const sep = rawUrl.includes('?') ? '&' : '?';
              ~~~


Error: src/app/features/cards/cards.component.ts:343:17 - error TS2304: Cannot 
find name 'rawUrl'.

343     const sep = rawUrl.includes('?') ? '&' : '?';
                    ~~~~~~


Error: src/app/features/cards/cards.component.ts:343:49 - error TS1005: ',' 
expected.

343     const sep = rawUrl.includes('?') ? '&' : '?';
                                                    ~


Error: src/app/features/cards/cards.component.ts:344:11 - error TS1005: ':' 
expected.

344     const requestUrl = 
`${rawUrl}${sep}v=${this.detailImageIndex}-${this.imageNonce}`;
              ~~~~~~~~~~


Error: src/app/features/cards/cards.component.ts:344:11 - error TS2304: Cannot 
find name 'requestUrl'.

344     const requestUrl = 
`${rawUrl}${sep}v=${this.detailImageIndex}-${this.imageNonce}`;
              ~~~~~~~~~~


Error: src/app/features/cards/cards.component.ts:344:27 - error TS2304: Cannot 
find name 'rawUrl'.

344     const requestUrl = 
`${rawUrl}${sep}v=${this.detailImageIndex}-${this.imageNonce}`;
                              ~~~~~~


Error: src/app/features/cards/cards.component.ts:344:36 - error TS2304: Cannot 
find name 'sep'.

344     const requestUrl = 
`${rawUrl}${sep}v=${this.detailImageIndex}-${this.imageNonce}`;
                                       ~~~


Error: src/app/features/cards/cards.component.ts:344:44 - error TS2532: Object 
is possibly 'undefined'.

344     const requestUrl = 
`${rawUrl}${sep}v=${this.detailImageIndex}-${this.imageNonce}`;
                                               ~~~~


Error: src/app/features/cards/cards.component.ts:344:69 - error TS2532: Object 
is possibly 'undefined'.

344     const requestUrl = 
`${rawUrl}${sep}v=${this.detailImageIndex}-${this.imageNonce}`;
                                                                        ~~~~


Error: src/app/features/cards/cards.component.ts:344:86 - error TS1005: ',' 
expected.

344     const requestUrl = 
`${rawUrl}${sep}v=${this.detailImageIndex}-${this.imageNonce}`;
                                                                               
          ~


Error: src/app/features/cards/cards.component.ts:345:11 - error TS1005: ':' 
expected.

345     const currentLoad = ++this.imageLoadSeq;
              ~~~~~~~~~~~


Error: src/app/features/cards/cards.component.ts:345:11 - error TS2304: Cannot 
find name 'currentLoad'.

345     const currentLoad = ++this.imageLoadSeq;
              ~~~~~~~~~~~


Error: src/app/features/cards/cards.component.ts:345:27 - error TS2532: Object 
is possibly 'undefined'.

345     const currentLoad = ++this.imageLoadSeq;
                              ~~~~


Error: src/app/features/cards/cards.component.ts:345:44 - error TS1005: ',' 
expected.

345     const currentLoad = ++this.imageLoadSeq;
                                               ~


Error: src/app/features/cards/cards.component.ts:346:9 - error TS1005: ':' 
expected.

346     this.imageLoading = true;
            ~


Error: src/app/features/cards/cards.component.ts:346:29 - error TS1005: ',' 
expected.

346     this.imageLoading = true;
                                ~


Error: src/app/features/cards/cards.component.ts:348:11 - error TS1005: ':' 
expected.

348     const preloader = new Image();
              ~~~~~~~~~


Error: src/app/features/cards/cards.component.ts:348:11 - error TS2304: Cannot 
find name 'preloader'.

348     const preloader = new Image();
              ~~~~~~~~~


Error: src/app/features/cards/cards.component.ts:348:34 - error TS1005: ',' 
expected.

348     const preloader = new Image();
                                     ~


Error: src/app/features/cards/cards.component.ts:349:5 - error TS18004: No 
value exists in scope for the shorthand property 'preloader'. Either declare 
one or provide an initializer.

349     preloader.onload = () => {
        ~~~~~~~~~


Error: src/app/features/cards/cards.component.ts:349:14 - error TS1005: ',' 
expected.

349     preloader.onload = () => {
                 ~


Error: src/app/features/cards/cards.component.ts:350:11 - error TS2304: Cannot 
find name 'currentLoad'.

350       if (currentLoad !== this.imageLoadSeq) {
              ~~~~~~~~~~~


Error: src/app/features/cards/cards.component.ts:350:27 - error TS2532: Object 
is possibly 'undefined'.

350       if (currentLoad !== this.imageLoadSeq) {
                              ~~~~


Error: src/app/features/cards/cards.component.ts:355:7 - error TS2532: Object 
is possibly 'undefined'.

355       this.activeImageSrc = requestUrl;
          ~~~~


Error: src/app/features/cards/cards.component.ts:355:29 - error TS2304: Cannot 
find name 'requestUrl'.

355       this.activeImageSrc = requestUrl;
                                ~~~~~~~~~~


Error: src/app/features/cards/cards.component.ts:356:7 - error TS2532: Object 
is possibly 'undefined'.

356       this.imageLoading = false;
          ~~~~


Error: src/app/features/cards/cards.component.ts:357:7 - error TS2532: Object 
is possibly 'undefined'.

357       this.imageFallbackTried = false;
          ~~~~


Error: src/app/features/cards/cards.component.ts:358:6 - error TS1005: ',' 
expected.

358     };
         ~


Error: src/app/features/cards/cards.component.ts:360:5 - error TS18004: No 
value exists in scope for the shorthand property 'preloader'. Either declare 
one or provide an initializer.

360     preloader.onerror = () => {
        ~~~~~~~~~


Error: src/app/features/cards/cards.component.ts:360:14 - error TS1005: ',' 
expected.

360     preloader.onerror = () => {
                 ~


Error: src/app/features/cards/cards.component.ts:361:11 - error TS2304: Cannot 
find name 'currentLoad'.

361       if (currentLoad !== this.imageLoadSeq) {
              ~~~~~~~~~~~


Error: src/app/features/cards/cards.component.ts:361:27 - error TS2532: Object 
is possibly 'undefined'.

361       if (currentLoad !== this.imageLoadSeq) {
                              ~~~~


Error: src/app/features/cards/cards.component.ts:365:7 - error TS2532: Object 
is possibly 'undefined'.

365       this.imageLoading = false;
          ~~~~


Error: src/app/features/cards/cards.component.ts:366:7 - error TS2532: Object 
is possibly 'undefined'.

366       this.onImageError();
          ~~~~


Error: src/app/features/cards/cards.component.ts:367:6 - error TS1005: ',' 
expected.

367     };
         ~


Error: src/app/features/cards/cards.component.ts:369:5 - error TS18004: No 
value exists in scope for the shorthand property 'preloader'. Either declare 
one or provide an initializer.

369     preloader.src = requestUrl;
        ~~~~~~~~~


Error: src/app/features/cards/cards.component.ts:369:14 - error TS1005: ',' 
expected.

369     preloader.src = requestUrl;
                 ~


Error: src/app/features/cards/cards.component.ts:369:21 - error TS2304: Cannot 
find name 'requestUrl'.

369     preloader.src = requestUrl;
                        ~~~~~~~~~~


Error: src/app/features/cards/cards.component.ts:369:31 - error TS1005: ',' 
expected.

369     preloader.src = requestUrl;
                                  ~


Error: src/app/features/cards/cards.component.ts:372:3 - error TS2304: Cannot 
find name 'onImageError'.

372   onImageError(): void {
      ~~~~~~~~~~~~


Error: src/app/features/cards/cards.component.ts:372:17 - error TS1005: ';' 
expected.

372   onImageError(): void {
                    ~


Error: src/app/features/cards/cards.component.ts:373:13 - error TS1005: ',' 
expected.

373     if (this.imageFallbackTried) {
                ~


Error: src/app/features/cards/cards.component.ts:373:32 - error TS1005: ',' 
expected.

373     if (this.imageFallbackTried) {
                                   ~


Error: src/app/features/cards/cards.component.ts:373:34 - error TS1136: 
Property assignment expected.

373     if (this.imageFallbackTried) {
                                     ~


Error: src/app/features/cards/cards.component.ts:374:7 - error TS2532: Object 
is possibly 'undefined'.

374       this.activeImageSrc = undefined;
          ~~~~


Error: src/app/features/cards/cards.component.ts:375:7 - error TS2532: Object 
is possibly 'undefined'.

375       this.imageLoading = false;
          ~~~~


Error: src/app/features/cards/cards.component.ts:380:17 - error TS2532: Object 
is possibly 'undefined'.

380     const raw = this.activeDetailSlide?.imageUrl;
                    ~~~~


Error: src/app/features/cards/cards.component.ts:382:7 - error TS2532: Object 
is possibly 'undefined'.

382       this.imageLoading = true;
          ~~~~


Error: src/app/features/cards/cards.component.ts:383:7 - error TS2532: Object 
is possibly 'undefined'.

383       this.activeImageSrc = raw;
          ~~~~


Error: src/app/features/cards/cards.component.ts:384:7 - error TS2532: Object 
is possibly 'undefined'.

384       this.imageFallbackTried = true;
          ~~~~


Error: src/app/features/cards/cards.component.ts:388:5 - error TS2532: Object 
is possibly 'undefined'.

388     this.imageLoading = false;
        ~~~~


Error: src/app/features/cards/cards.component.ts:389:3 - error TS1128: 
Declaration or statement expected.

389   }
      ~


Error: src/app/features/cards/cards.component.ts:391:3 - error TS1128: 
Declaration or statement expected.

391   private hasMeaningfulDetail(card: ExternalCardDto): boolean {
      ~~~~~~~


Error: src/app/features/cards/cards.component.ts:391:11 - error TS2304: Cannot 
find name 'hasMeaningfulDetail'.

391   private hasMeaningfulDetail(card: ExternalCardDto): boolean {
              ~~~~~~~~~~~~~~~~~~~


Error: src/app/features/cards/cards.component.ts:391:31 - error TS2304: Cannot 
find name 'card'.

391   private hasMeaningfulDetail(card: ExternalCardDto): boolean {
                                  ~~~~


Error: src/app/features/cards/cards.component.ts:391:35 - error TS1005: ',' 
expected.

391   private hasMeaningfulDetail(card: ExternalCardDto): boolean {
                                      ~


Error: src/app/features/cards/cards.component.ts:391:37 - error TS2693: 
'ExternalCardDto' only refers to a type, but is being used as a value here.

391   private hasMeaningfulDetail(card: ExternalCardDto): boolean {
                                        ~~~~~~~~~~~~~~~


Error: src/app/features/cards/cards.component.ts:391:53 - error TS1005: ';' 
expected.

391   private hasMeaningfulDetail(card: ExternalCardDto): boolean {
                                                        ~


Error: src/app/features/cards/cards.component.ts:391:55 - error TS1434: 
Unexpected keyword or identifier.

391   private hasMeaningfulDetail(card: ExternalCardDto): boolean {
                                                          ~~~~~~~


Error: src/app/features/cards/cards.component.ts:391:55 - error TS2693: 
'boolean' only refers to a type, but is being used as a value here.

391   private hasMeaningfulDetail(card: ExternalCardDto): boolean {
                                                          ~~~~~~~


Error: src/app/features/cards/cards.component.ts:405:3 - error TS1128: 
Declaration or statement expected.

405   private mergeCardData(base: ExternalCardDto, incoming: ExternalCardDto): 
ExternalCardDto {
      ~~~~~~~


Error: src/app/features/cards/cards.component.ts:405:11 - error TS2304: Cannot 
find name 'mergeCardData'.

405   private mergeCardData(base: ExternalCardDto, incoming: ExternalCardDto): 
ExternalCardDto {
              ~~~~~~~~~~~~~


Error: src/app/features/cards/cards.component.ts:405:25 - error TS2304: Cannot 
find name 'base'.

405   private mergeCardData(base: ExternalCardDto, incoming: ExternalCardDto): 
ExternalCardDto {
                            ~~~~


Error: src/app/features/cards/cards.component.ts:405:29 - error TS1005: ',' 
expected.

405   private mergeCardData(base: ExternalCardDto, incoming: ExternalCardDto): 
ExternalCardDto {
                                ~


Error: src/app/features/cards/cards.component.ts:405:31 - error TS2693: 
'ExternalCardDto' only refers to a type, but is being used as a value here.

405   private mergeCardData(base: ExternalCardDto, incoming: ExternalCardDto): 
ExternalCardDto {
                                  ~~~~~~~~~~~~~~~


Error: src/app/features/cards/cards.component.ts:405:48 - error TS2304: Cannot 
find name 'incoming'.

405   private mergeCardData(base: ExternalCardDto, incoming: ExternalCardDto): 
ExternalCardDto {
                                                   ~~~~~~~~


Error: src/app/features/cards/cards.component.ts:405:56 - error TS1005: ',' 
expected.

405   private mergeCardData(base: ExternalCardDto, incoming: ExternalCardDto): 
ExternalCardDto {
                                                           ~


Error: src/app/features/cards/cards.component.ts:405:58 - error TS2693: 
'ExternalCardDto' only refers to a type, but is being used as a value here.

405   private mergeCardData(base: ExternalCardDto, incoming: ExternalCardDto): 
ExternalCardDto {
                                                             ~~~~~~~~~~~~~~~


Error: src/app/features/cards/cards.component.ts:405:74 - error TS1005: ';' 
expected.

405   private mergeCardData(base: ExternalCardDto, incoming: ExternalCardDto): 
ExternalCardDto {
                                                                             ~


Error: src/app/features/cards/cards.component.ts:405:76 - error TS1434: 
Unexpected keyword or identifier.

405   private mergeCardData(base: ExternalCardDto, incoming: ExternalCardDto): 
ExternalCardDto {
                                                                               
~~~~~~~~~~~~~~~


Error: src/app/features/cards/cards.component.ts:405:76 - error TS2693: 
'ExternalCardDto' only refers to a type, but is being used as a value here.

405   private mergeCardData(base: ExternalCardDto, incoming: ExternalCardDto): 
ExternalCardDto {
                                                                               
~~~~~~~~~~~~~~~


Error: src/app/features/cards/cards.component.ts:415:1 - error TS1128: 
Declaration or statement expected.

415 }
    ~



